Archive member included because of file (symbol)

c:/winavr-20081205/bin/../lib/gcc/avr/4.3.2/../../../../avr/lib/avr5\libprintf_min.a(vfprintf_min.o)
                              (vfprintf)
c:/winavr-20081205/bin/../lib/gcc/avr/4.3.2/../../../../avr/lib/avr5\libscanf_min.a(vfscanf_min.o)
                              (vfscanf)
c:/winavr-20081205/bin/../lib/gcc/avr/4.3.2/avr5\libgcc.a(_divmodhi4.o)
                              animation.o (__divmodhi4)
c:/winavr-20081205/bin/../lib/gcc/avr/4.3.2/avr5\libgcc.a(_divmodsi4.o)
                              animation.o (__divmodsi4)
c:/winavr-20081205/bin/../lib/gcc/avr/4.3.2/avr5\libgcc.a(_prologue.o)
                              c:/winavr-20081205/bin/../lib/gcc/avr/4.3.2/../../../../avr/lib/avr5\libprintf_min.a(vfprintf_min.o) (__prologue_saves__)
c:/winavr-20081205/bin/../lib/gcc/avr/4.3.2/avr5\libgcc.a(_epilogue.o)
                              c:/winavr-20081205/bin/../lib/gcc/avr/4.3.2/../../../../avr/lib/avr5\libprintf_min.a(vfprintf_min.o) (__epilogue_restores__)
c:/winavr-20081205/bin/../lib/gcc/avr/4.3.2/avr5\libgcc.a(_exit.o)
                              c:/winavr-20081205/bin/../lib/gcc/avr/4.3.2/../../../../avr/lib/avr5/crtm32.o (exit)
c:/winavr-20081205/bin/../lib/gcc/avr/4.3.2/avr5\libgcc.a(_copy_data.o)
                              main.o (__do_copy_data)
c:/winavr-20081205/bin/../lib/gcc/avr/4.3.2/avr5\libgcc.a(_clear_bss.o)
                              main.o (__do_clear_bss)
c:/winavr-20081205/bin/../lib/gcc/avr/4.3.2/avr5\libgcc.a(_addsub_sf.o)
                              animation.o (__subsf3)
c:/winavr-20081205/bin/../lib/gcc/avr/4.3.2/avr5\libgcc.a(_div_sf.o)
                              animation.o (__divsf3)
c:/winavr-20081205/bin/../lib/gcc/avr/4.3.2/avr5\libgcc.a(_lt_sf.o)
                              animation.o (__ltsf2)
c:/winavr-20081205/bin/../lib/gcc/avr/4.3.2/avr5\libgcc.a(_si_to_sf.o)
                              animation.o (__floatsisf)
c:/winavr-20081205/bin/../lib/gcc/avr/4.3.2/avr5\libgcc.a(_thenan_sf.o)
                              c:/winavr-20081205/bin/../lib/gcc/avr/4.3.2/avr5\libgcc.a(_addsub_sf.o) (__thenan_sf)
c:/winavr-20081205/bin/../lib/gcc/avr/4.3.2/avr5\libgcc.a(_udivmodhi4.o)
                              c:/winavr-20081205/bin/../lib/gcc/avr/4.3.2/avr5\libgcc.a(_divmodhi4.o) (__udivmodhi4)
c:/winavr-20081205/bin/../lib/gcc/avr/4.3.2/avr5\libgcc.a(_udivmodsi4.o)
                              c:/winavr-20081205/bin/../lib/gcc/avr/4.3.2/avr5\libgcc.a(_divmodsi4.o) (__udivmodsi4)
c:/winavr-20081205/bin/../lib/gcc/avr/4.3.2/avr5\libgcc.a(_clzsi2.o)
                              c:/winavr-20081205/bin/../lib/gcc/avr/4.3.2/avr5\libgcc.a(_si_to_sf.o) (__clzsi2)
c:/winavr-20081205/bin/../lib/gcc/avr/4.3.2/avr5\libgcc.a(_pack_sf.o)
                              c:/winavr-20081205/bin/../lib/gcc/avr/4.3.2/avr5\libgcc.a(_addsub_sf.o) (__pack_f)
c:/winavr-20081205/bin/../lib/gcc/avr/4.3.2/avr5\libgcc.a(_unpack_sf.o)
                              c:/winavr-20081205/bin/../lib/gcc/avr/4.3.2/avr5\libgcc.a(_addsub_sf.o) (__unpack_f)
c:/winavr-20081205/bin/../lib/gcc/avr/4.3.2/avr5\libgcc.a(_fpcmp_parts_sf.o)
                              c:/winavr-20081205/bin/../lib/gcc/avr/4.3.2/avr5\libgcc.a(_lt_sf.o) (__fpcmp_parts_f)
c:/winavr-20081205/bin/../lib/gcc/avr/4.3.2/avr5\libgcc.a(_clz.o)
                              c:/winavr-20081205/bin/../lib/gcc/avr/4.3.2/avr5\libgcc.a(_clzsi2.o) (__clz_tab)
c:/winavr-20081205/bin/../lib/gcc/avr/4.3.2/../../../../avr/lib/avr5\libc.a(random.o)
                              animation.o (random)
c:/winavr-20081205/bin/../lib/gcc/avr/4.3.2/../../../../avr/lib/avr5\libc.a(isspace.o)
                              c:/winavr-20081205/bin/../lib/gcc/avr/4.3.2/../../../../avr/lib/avr5\libscanf_min.a(vfscanf_min.o) (isspace)
c:/winavr-20081205/bin/../lib/gcc/avr/4.3.2/../../../../avr/lib/avr5\libc.a(strchr_P.o)
                              c:/winavr-20081205/bin/../lib/gcc/avr/4.3.2/../../../../avr/lib/avr5\libprintf_min.a(vfprintf_min.o) (strchr_P)
c:/winavr-20081205/bin/../lib/gcc/avr/4.3.2/../../../../avr/lib/avr5\libc.a(fgetc.o)
                              c:/winavr-20081205/bin/../lib/gcc/avr/4.3.2/../../../../avr/lib/avr5\libscanf_min.a(vfscanf_min.o) (fgetc)
c:/winavr-20081205/bin/../lib/gcc/avr/4.3.2/../../../../avr/lib/avr5\libc.a(fputc.o)
                              c:/winavr-20081205/bin/../lib/gcc/avr/4.3.2/../../../../avr/lib/avr5\libprintf_min.a(vfprintf_min.o) (fputc)
c:/winavr-20081205/bin/../lib/gcc/avr/4.3.2/../../../../avr/lib/avr5\libc.a(ungetc.o)
                              c:/winavr-20081205/bin/../lib/gcc/avr/4.3.2/../../../../avr/lib/avr5\libscanf_min.a(vfscanf_min.o) (ungetc)
c:/winavr-20081205/bin/../lib/gcc/avr/4.3.2/../../../../avr/lib/avr5\libc.a(ultoa_invert.o)
                              c:/winavr-20081205/bin/../lib/gcc/avr/4.3.2/../../../../avr/lib/avr5\libprintf_min.a(vfprintf_min.o) (__ultoa_invert)
c:/winavr-20081205/bin/../lib/gcc/avr/4.3.2/../../../../avr/lib/avr5\libc.a(sqrt.o)
                              animation.o (sqrt)
c:/winavr-20081205/bin/../lib/gcc/avr/4.3.2/../../../../avr/lib/avr5\libc.a(cty_isfalse.o)
                              c:/winavr-20081205/bin/../lib/gcc/avr/4.3.2/../../../../avr/lib/avr5\libc.a(isspace.o) (__ctype_isfalse)
c:/winavr-20081205/bin/../lib/gcc/avr/4.3.2/../../../../avr/lib/avr5\libc.a(fp_mpack.o)
                              c:/winavr-20081205/bin/../lib/gcc/avr/4.3.2/../../../../avr/lib/avr5\libc.a(sqrt.o) (__fp_mpack)
c:/winavr-20081205/bin/../lib/gcc/avr/4.3.2/../../../../avr/lib/avr5\libc.a(fp_nan.o)
                              c:/winavr-20081205/bin/../lib/gcc/avr/4.3.2/../../../../avr/lib/avr5\libc.a(sqrt.o) (__fp_nan)
c:/winavr-20081205/bin/../lib/gcc/avr/4.3.2/../../../../avr/lib/avr5\libc.a(fp_norm2.o)
                              c:/winavr-20081205/bin/../lib/gcc/avr/4.3.2/../../../../avr/lib/avr5\libc.a(sqrt.o) (__fp_norm2)
c:/winavr-20081205/bin/../lib/gcc/avr/4.3.2/../../../../avr/lib/avr5\libc.a(fp_split3.o)
                              c:/winavr-20081205/bin/../lib/gcc/avr/4.3.2/../../../../avr/lib/avr5\libc.a(sqrt.o) (__fp_splitA)
c:/winavr-20081205/bin/../lib/gcc/avr/4.3.2/avr5\libgcc.a(_mulsi3.o)
                              c:/winavr-20081205/bin/../lib/gcc/avr/4.3.2/../../../../avr/lib/avr5\libc.a(random.o) (__mulsi3)

Allocating common symbols
Common symbol       size              file

current_Yrow        0x1               main.o
tmpcube             0x19              main.o
current_effect      0x1               main.o
_X_                 0x5               main.o
cube                0x19              main.o
_Y_                 0x5               main.o
current_layer       0x1               main.o
_Z_                 0x5               main.o

Memory Configuration

Name             Origin             Length             Attributes
text             0x00000000         0x00020000         xr
data             0x00800060         0x0000ffa0         rw !x
eeprom           0x00810000         0x00010000         rw !x
fuse             0x00820000         0x00000400         rw !x
lock             0x00830000         0x00000400         rw !x
signature        0x00840000         0x00000400         rw !x
*default*        0x00000000         0xffffffff

Linker script and memory map

LOAD c:/winavr-20081205/bin/../lib/gcc/avr/4.3.2/../../../../avr/lib/avr5/crtm32.o
LOAD main.o
LOAD simple_draw.o
LOAD animation.o
LOAD c:/winavr-20081205/bin/../lib/gcc/avr/4.3.2/../../../../avr/lib/avr5\libprintf_min.a
LOAD c:/winavr-20081205/bin/../lib/gcc/avr/4.3.2/../../../../avr/lib/avr5\libscanf_min.a
LOAD c:/winavr-20081205/bin/../lib/gcc/avr/4.3.2/avr5\libgcc.a
LOAD c:/winavr-20081205/bin/../lib/gcc/avr/4.3.2/../../../../avr/lib/avr5\libc.a
LOAD c:/winavr-20081205/bin/../lib/gcc/avr/4.3.2/avr5\libgcc.a

.hash
 *(.hash)

.dynsym
 *(.dynsym)

.dynstr
 *(.dynstr)

.gnu.version
 *(.gnu.version)

.gnu.version_d
 *(.gnu.version_d)

.gnu.version_r
 *(.gnu.version_r)

.rel.init
 *(.rel.init)

.rela.init
 *(.rela.init)

.rel.text
 *(.rel.text)
 *(.rel.text.*)
 *(.rel.gnu.linkonce.t*)

.rela.text
 *(.rela.text)
 *(.rela.text.*)
 *(.rela.gnu.linkonce.t*)

.rel.fini
 *(.rel.fini)

.rela.fini
 *(.rela.fini)

.rel.rodata
 *(.rel.rodata)
 *(.rel.rodata.*)
 *(.rel.gnu.linkonce.r*)

.rela.rodata
 *(.rela.rodata)
 *(.rela.rodata.*)
 *(.rela.gnu.linkonce.r*)

.rel.data
 *(.rel.data)
 *(.rel.data.*)
 *(.rel.gnu.linkonce.d*)

.rela.data
 *(.rela.data)
 *(.rela.data.*)
 *(.rela.gnu.linkonce.d*)

.rel.ctors
 *(.rel.ctors)

.rela.ctors
 *(.rela.ctors)

.rel.dtors
 *(.rel.dtors)

.rela.dtors
 *(.rela.dtors)

.rel.got
 *(.rel.got)

.rela.got
 *(.rela.got)

.rel.bss
 *(.rel.bss)

.rela.bss
 *(.rela.bss)

.rel.plt
 *(.rel.plt)

.rela.plt
 *(.rela.plt)

.text           0x00000000     0x2c34
 *(.vectors)
 .vectors       0x00000000       0x54 c:/winavr-20081205/bin/../lib/gcc/avr/4.3.2/../../../../avr/lib/avr5/crtm32.o
                0x00000000                __vectors
                0x00000000                __vector_default
 *(.vectors)
 *(.progmem.gcc*)
 *(.progmem*)
 .progmem.data  0x00000054       0x1e animation.o
                0x00000054                spinning_line
 .progmem.data  0x00000072       0x17 c:/winavr-20081205/bin/../lib/gcc/avr/4.3.2/../../../../avr/lib/avr5\libprintf_min.a(vfprintf_min.o)
 .progmem.data  0x00000089        0xb c:/winavr-20081205/bin/../lib/gcc/avr/4.3.2/../../../../avr/lib/avr5\libscanf_min.a(vfscanf_min.o)
                0x00000094                . = ALIGN (0x2)
                0x00000094                __trampolines_start = .
 *(.trampolines)
 .trampolines   0x00000094        0x0 linker stubs
 *(.trampolines*)
                0x00000094                __trampolines_end = .
 *(.jumptables)
 *(.jumptables*)
 *(.lowtext)
 *(.lowtext*)
                0x00000094                __ctors_start = .
 *(.ctors)
                0x00000094                __ctors_end = .
                0x00000094                __dtors_start = .
 *(.dtors)
                0x00000094                __dtors_end = .
 SORT(*)(.ctors)
 SORT(*)(.dtors)
 *(.init0)
 .init0         0x00000094        0x0 c:/winavr-20081205/bin/../lib/gcc/avr/4.3.2/../../../../avr/lib/avr5/crtm32.o
                0x00000094                __init
 *(.init0)
 *(.init1)
 *(.init1)
 *(.init2)
 .init2         0x00000094        0xc c:/winavr-20081205/bin/../lib/gcc/avr/4.3.2/../../../../avr/lib/avr5/crtm32.o
 *(.init2)
 *(.init3)
 *(.init3)
 *(.init4)
 .init4         0x000000a0       0x16 c:/winavr-20081205/bin/../lib/gcc/avr/4.3.2/avr5\libgcc.a(_copy_data.o)
                0x000000a0                __do_copy_data
 .init4         0x000000b6       0x10 c:/winavr-20081205/bin/../lib/gcc/avr/4.3.2/avr5\libgcc.a(_clear_bss.o)
                0x000000b6                __do_clear_bss
 *(.init4)
 *(.init5)
 *(.init5)
 *(.init6)
 *(.init6)
 *(.init7)
 *(.init7)
 *(.init8)
 *(.init8)
 *(.init9)
 .init9         0x000000c6        0x8 c:/winavr-20081205/bin/../lib/gcc/avr/4.3.2/../../../../avr/lib/avr5/crtm32.o
 *(.init9)
 *(.text)
 .text          0x000000ce        0x4 c:/winavr-20081205/bin/../lib/gcc/avr/4.3.2/../../../../avr/lib/avr5/crtm32.o
                0x000000ce                __vector_1
                0x000000ce                __vector_12
                0x000000ce                __bad_interrupt
                0x000000ce                __vector_6
                0x000000ce                __vector_11
                0x000000ce                __vector_13
                0x000000ce                __vector_17
                0x000000ce                __vector_19
                0x000000ce                __vector_7
                0x000000ce                __vector_5
                0x000000ce                __vector_4
                0x000000ce                __vector_9
                0x000000ce                __vector_2
                0x000000ce                __vector_15
                0x000000ce                __vector_8
                0x000000ce                __vector_14
                0x000000ce                __vector_16
                0x000000ce                __vector_18
                0x000000ce                __vector_20
 .text          0x000000d2      0x25c main.o
                0x000002c0                boot_check
                0x00000208                __vector_3
                0x0000030c                main
                0x000000d2                delay_ms
                0x000000ee                cube_ini
                0x00000174                __vector_10
                0x00000234                launch_effect
 .text          0x0000032e      0x75e simple_draw.o
                0x000006de                line_z
                0x00000506                setplane_x
                0x00000430                alterLED
                0x00000408                inrange
                0x000004c8                setplane_z
                0x00000554                clrplane_x
                0x000004e8                clrplane_z
                0x000005ca                setplane
                0x00000a60                fill
                0x00000480                flpLED
                0x000009cc                tmp2cube
                0x00000376                clrLED
                0x00000730                line_x
                0x00000a16                cube2tmp
                0x000003c0                getLED
                0x0000032e                setLED
                0x000005a4                setplane_y
                0x000007d4                drawline_plane
                0x00000782                line_y
                0x000005b8                clrplane_y
 .text          0x00000a8c      0xcb4 animation.o
                0x000014fe                effect_explosion
                0x00000d8c                effect_noise
                0x00000bf2                effect_wasdf2
                0x00000ee0                shrink
                0x000010aa                grow2
                0x00000d14                effect_wasdf3
                0x000012aa                effect_rings
                0x00000cae                effect_blink
                0x00001324                grow
                0x00000b38                effect_spiral
                0x00000a8e                effect_spinning_plane
                0x00000c56                dim
                0x00000a8c                foo
                0x000016aa                effect_everything_bitches
                0x00000e02                effect_snow
 .text          0x00001740      0x23e c:/winavr-20081205/bin/../lib/gcc/avr/4.3.2/../../../../avr/lib/avr5\libprintf_min.a(vfprintf_min.o)
                0x00001740                vfprintf
 .text          0x0000197e      0x3be c:/winavr-20081205/bin/../lib/gcc/avr/4.3.2/../../../../avr/lib/avr5\libscanf_min.a(vfscanf_min.o)
                0x00001b34                vfscanf
 .text          0x00001d3c        0x0 c:/winavr-20081205/bin/../lib/gcc/avr/4.3.2/avr5\libgcc.a(_divmodhi4.o)
 .text          0x00001d3c        0x0 c:/winavr-20081205/bin/../lib/gcc/avr/4.3.2/avr5\libgcc.a(_divmodsi4.o)
 .text          0x00001d3c        0x0 c:/winavr-20081205/bin/../lib/gcc/avr/4.3.2/avr5\libgcc.a(_prologue.o)
 .text          0x00001d3c        0x0 c:/winavr-20081205/bin/../lib/gcc/avr/4.3.2/avr5\libgcc.a(_epilogue.o)
 .text          0x00001d3c        0x0 c:/winavr-20081205/bin/../lib/gcc/avr/4.3.2/avr5\libgcc.a(_exit.o)
 .text          0x00001d3c        0x0 c:/winavr-20081205/bin/../lib/gcc/avr/4.3.2/avr5\libgcc.a(_copy_data.o)
 .text          0x00001d3c        0x0 c:/winavr-20081205/bin/../lib/gcc/avr/4.3.2/avr5\libgcc.a(_clear_bss.o)
 .text          0x00001d3c      0x354 c:/winavr-20081205/bin/../lib/gcc/avr/4.3.2/avr5\libgcc.a(_addsub_sf.o)
                0x00001fd4                __subsf3
                0x00002036                __addsf3
 .text          0x00002090      0x158 c:/winavr-20081205/bin/../lib/gcc/avr/4.3.2/avr5\libgcc.a(_div_sf.o)
                0x00002090                __divsf3
 .text          0x000021e8       0x60 c:/winavr-20081205/bin/../lib/gcc/avr/4.3.2/avr5\libgcc.a(_lt_sf.o)
                0x000021e8                __ltsf2
 .text          0x00002248       0xbc c:/winavr-20081205/bin/../lib/gcc/avr/4.3.2/avr5\libgcc.a(_si_to_sf.o)
                0x00002248                __floatsisf
 .text          0x00002304        0x0 c:/winavr-20081205/bin/../lib/gcc/avr/4.3.2/avr5\libgcc.a(_thenan_sf.o)
 .text          0x00002304        0x0 c:/winavr-20081205/bin/../lib/gcc/avr/4.3.2/avr5\libgcc.a(_udivmodhi4.o)
 .text          0x00002304        0x0 c:/winavr-20081205/bin/../lib/gcc/avr/4.3.2/avr5\libgcc.a(_udivmodsi4.o)
 .text          0x00002304       0x9e c:/winavr-20081205/bin/../lib/gcc/avr/4.3.2/avr5\libgcc.a(_clzsi2.o)
                0x00002304                __clzsi2
 .text          0x000023a2      0x1aa c:/winavr-20081205/bin/../lib/gcc/avr/4.3.2/avr5\libgcc.a(_pack_sf.o)
                0x000023a2                __pack_f
 .text          0x0000254c       0xf0 c:/winavr-20081205/bin/../lib/gcc/avr/4.3.2/avr5\libgcc.a(_unpack_sf.o)
                0x0000254c                __unpack_f
 .text          0x0000263c       0xb2 c:/winavr-20081205/bin/../lib/gcc/avr/4.3.2/avr5\libgcc.a(_fpcmp_parts_sf.o)
                0x0000263c                __fpcmp_parts_f
 .text          0x000026ee        0x0 c:/winavr-20081205/bin/../lib/gcc/avr/4.3.2/avr5\libgcc.a(_clz.o)
 .text          0x000026ee       0xc2 c:/winavr-20081205/bin/../lib/gcc/avr/4.3.2/../../../../avr/lib/avr5\libc.a(random.o)
                0x00002794                random
                0x0000278e                random_r
                0x0000279e                srandom
 .text          0x000027b0        0x0 c:/winavr-20081205/bin/../lib/gcc/avr/4.3.2/../../../../avr/lib/avr5\libc.a(isspace.o)
 .text          0x000027b0       0x16 c:/winavr-20081205/bin/../lib/gcc/avr/4.3.2/../../../../avr/lib/avr5\libc.a(strchr_P.o)
                0x000027b0                strchr_P
 .text          0x000027c6       0x84 c:/winavr-20081205/bin/../lib/gcc/avr/4.3.2/../../../../avr/lib/avr5\libc.a(fgetc.o)
                0x000027c6                fgetc
 .text          0x0000284a       0x58 c:/winavr-20081205/bin/../lib/gcc/avr/4.3.2/../../../../avr/lib/avr5\libc.a(fputc.o)
                0x0000284a                fputc
 .text          0x000028a2       0x34 c:/winavr-20081205/bin/../lib/gcc/avr/4.3.2/../../../../avr/lib/avr5\libc.a(ungetc.o)
                0x000028a2                ungetc
 .text          0x000028d6       0xbc c:/winavr-20081205/bin/../lib/gcc/avr/4.3.2/../../../../avr/lib/avr5\libc.a(ultoa_invert.o)
                0x000028d6                __ultoa_invert
 .text          0x00002992        0x0 c:/winavr-20081205/bin/../lib/gcc/avr/4.3.2/../../../../avr/lib/avr5\libc.a(sqrt.o)
 .text          0x00002992        0x0 c:/winavr-20081205/bin/../lib/gcc/avr/4.3.2/../../../../avr/lib/avr5\libc.a(cty_isfalse.o)
 .text          0x00002992        0x0 c:/winavr-20081205/bin/../lib/gcc/avr/4.3.2/../../../../avr/lib/avr5\libc.a(fp_mpack.o)
 .text          0x00002992        0x0 c:/winavr-20081205/bin/../lib/gcc/avr/4.3.2/../../../../avr/lib/avr5\libc.a(fp_nan.o)
 .text          0x00002992        0x0 c:/winavr-20081205/bin/../lib/gcc/avr/4.3.2/../../../../avr/lib/avr5\libc.a(fp_norm2.o)
 .text          0x00002992        0x0 c:/winavr-20081205/bin/../lib/gcc/avr/4.3.2/../../../../avr/lib/avr5\libc.a(fp_split3.o)
 .text          0x00002992        0x0 c:/winavr-20081205/bin/../lib/gcc/avr/4.3.2/avr5\libgcc.a(_mulsi3.o)
                0x00002992                . = ALIGN (0x2)
 *(.text.*)
 .text.libgcc   0x00002992       0x26 c:/winavr-20081205/bin/../lib/gcc/avr/4.3.2/avr5\libgcc.a(_divmodhi4.o)
                0x00002992                __divmodhi4
                0x00002992                _div
 .text.libgcc   0x000029b8       0x36 c:/winavr-20081205/bin/../lib/gcc/avr/4.3.2/avr5\libgcc.a(_divmodsi4.o)
                0x000029b8                __divmodsi4
 .text.libgcc   0x000029ee       0x38 c:/winavr-20081205/bin/../lib/gcc/avr/4.3.2/avr5\libgcc.a(_prologue.o)
                0x000029ee                __prologue_saves__
 .text.libgcc   0x00002a26       0x36 c:/winavr-20081205/bin/../lib/gcc/avr/4.3.2/avr5\libgcc.a(_epilogue.o)
                0x00002a26                __epilogue_restores__
 .text.libgcc   0x00002a5c        0x0 c:/winavr-20081205/bin/../lib/gcc/avr/4.3.2/avr5\libgcc.a(_exit.o)
 .text.libgcc   0x00002a5c        0x0 c:/winavr-20081205/bin/../lib/gcc/avr/4.3.2/avr5\libgcc.a(_copy_data.o)
 .text.libgcc   0x00002a5c        0x0 c:/winavr-20081205/bin/../lib/gcc/avr/4.3.2/avr5\libgcc.a(_clear_bss.o)
 .text.libgcc   0x00002a5c       0x28 c:/winavr-20081205/bin/../lib/gcc/avr/4.3.2/avr5\libgcc.a(_udivmodhi4.o)
                0x00002a5c                __udivmodhi4
 .text.libgcc   0x00002a84       0x44 c:/winavr-20081205/bin/../lib/gcc/avr/4.3.2/avr5\libgcc.a(_udivmodsi4.o)
                0x00002a84                __udivmodsi4
 .text.ctype    0x00002ac8       0x10 c:/winavr-20081205/bin/../lib/gcc/avr/4.3.2/../../../../avr/lib/avr5\libc.a(isspace.o)
                0x00002ac8                isspace
 .text.fplib    0x00002ad8       0x9c c:/winavr-20081205/bin/../lib/gcc/avr/4.3.2/../../../../avr/lib/avr5\libc.a(sqrt.o)
                0x00002ae0                sqrt
 .text.ctype    0x00002b74        0x6 c:/winavr-20081205/bin/../lib/gcc/avr/4.3.2/../../../../avr/lib/avr5\libc.a(cty_isfalse.o)
                0x00002b78                __ctype_istrue
                0x00002b74                __ctype_isfalse
 .text.fplib    0x00002b7a       0x20 c:/winavr-20081205/bin/../lib/gcc/avr/4.3.2/../../../../avr/lib/avr5\libc.a(fp_mpack.o)
                0x00002b7a                __fp_mpack
 .text.fplib    0x00002b9a        0x6 c:/winavr-20081205/bin/../lib/gcc/avr/4.3.2/../../../../avr/lib/avr5\libc.a(fp_nan.o)
                0x00002b9a                __fp_nan
 .text.fplib    0x00002ba0        0xe c:/winavr-20081205/bin/../lib/gcc/avr/4.3.2/../../../../avr/lib/avr5\libc.a(fp_norm2.o)
                0x00002ba0                __fp_norm2
 .text.fplib    0x00002bae       0x44 c:/winavr-20081205/bin/../lib/gcc/avr/4.3.2/../../../../avr/lib/avr5\libc.a(fp_split3.o)
                0x00002bae                __fp_split3
                0x00002bbe                __fp_splitA
 .text.libgcc   0x00002bf2       0x3e c:/winavr-20081205/bin/../lib/gcc/avr/4.3.2/avr5\libgcc.a(_mulsi3.o)
                0x00002bf2                __mulsi3
                0x00002c30                . = ALIGN (0x2)
 *(.fini9)
 .fini9         0x00002c30        0x0 c:/winavr-20081205/bin/../lib/gcc/avr/4.3.2/avr5\libgcc.a(_exit.o)
                0x00002c30                exit
                0x00002c30                _exit
 *(.fini9)
 *(.fini8)
 *(.fini8)
 *(.fini7)
 *(.fini7)
 *(.fini6)
 *(.fini6)
 *(.fini5)
 *(.fini5)
 *(.fini4)
 *(.fini4)
 *(.fini3)
 *(.fini3)
 *(.fini2)
 *(.fini2)
 *(.fini1)
 *(.fini1)
 *(.fini0)
 .fini0         0x00002c30        0x4 c:/winavr-20081205/bin/../lib/gcc/avr/4.3.2/avr5\libgcc.a(_exit.o)
 *(.fini0)
                0x00002c34                _etext = .

.data           0x00800060      0x10e load address 0x00002c34
                0x00800060                PROVIDE (__data_start, .)
 *(.data)
 .data          0x00800060        0x0 c:/winavr-20081205/bin/../lib/gcc/avr/4.3.2/../../../../avr/lib/avr5/crtm32.o
 .data          0x00800060        0x0 main.o
 .data          0x00800060        0x0 simple_draw.o
 .data          0x00800060        0x2 animation.o
                0x00800060                up
 .data          0x00800062        0x0 c:/winavr-20081205/bin/../lib/gcc/avr/4.3.2/../../../../avr/lib/avr5\libprintf_min.a(vfprintf_min.o)
 .data          0x00800062        0x0 c:/winavr-20081205/bin/../lib/gcc/avr/4.3.2/../../../../avr/lib/avr5\libscanf_min.a(vfscanf_min.o)
 .data          0x00800062        0x0 c:/winavr-20081205/bin/../lib/gcc/avr/4.3.2/avr5\libgcc.a(_divmodhi4.o)
 .data          0x00800062        0x0 c:/winavr-20081205/bin/../lib/gcc/avr/4.3.2/avr5\libgcc.a(_divmodsi4.o)
 .data          0x00800062        0x0 c:/winavr-20081205/bin/../lib/gcc/avr/4.3.2/avr5\libgcc.a(_prologue.o)
 .data          0x00800062        0x0 c:/winavr-20081205/bin/../lib/gcc/avr/4.3.2/avr5\libgcc.a(_epilogue.o)
 .data          0x00800062        0x0 c:/winavr-20081205/bin/../lib/gcc/avr/4.3.2/avr5\libgcc.a(_exit.o)
 .data          0x00800062        0x0 c:/winavr-20081205/bin/../lib/gcc/avr/4.3.2/avr5\libgcc.a(_copy_data.o)
 .data          0x00800062        0x0 c:/winavr-20081205/bin/../lib/gcc/avr/4.3.2/avr5\libgcc.a(_clear_bss.o)
 .data          0x00800062        0x0 c:/winavr-20081205/bin/../lib/gcc/avr/4.3.2/avr5\libgcc.a(_addsub_sf.o)
 .data          0x00800062        0x0 c:/winavr-20081205/bin/../lib/gcc/avr/4.3.2/avr5\libgcc.a(_div_sf.o)
 .data          0x00800062        0x0 c:/winavr-20081205/bin/../lib/gcc/avr/4.3.2/avr5\libgcc.a(_lt_sf.o)
 .data          0x00800062        0x0 c:/winavr-20081205/bin/../lib/gcc/avr/4.3.2/avr5\libgcc.a(_si_to_sf.o)
 .data          0x00800062        0x8 c:/winavr-20081205/bin/../lib/gcc/avr/4.3.2/avr5\libgcc.a(_thenan_sf.o)
                0x00800062                __thenan_sf
 .data          0x0080006a        0x0 c:/winavr-20081205/bin/../lib/gcc/avr/4.3.2/avr5\libgcc.a(_udivmodhi4.o)
 .data          0x0080006a        0x0 c:/winavr-20081205/bin/../lib/gcc/avr/4.3.2/avr5\libgcc.a(_udivmodsi4.o)
 .data          0x0080006a        0x0 c:/winavr-20081205/bin/../lib/gcc/avr/4.3.2/avr5\libgcc.a(_clzsi2.o)
 .data          0x0080006a        0x0 c:/winavr-20081205/bin/../lib/gcc/avr/4.3.2/avr5\libgcc.a(_pack_sf.o)
 .data          0x0080006a        0x0 c:/winavr-20081205/bin/../lib/gcc/avr/4.3.2/avr5\libgcc.a(_unpack_sf.o)
 .data          0x0080006a        0x0 c:/winavr-20081205/bin/../lib/gcc/avr/4.3.2/avr5\libgcc.a(_fpcmp_parts_sf.o)
 .data          0x0080006a      0x100 c:/winavr-20081205/bin/../lib/gcc/avr/4.3.2/avr5\libgcc.a(_clz.o)
                0x0080006a                __clz_tab
 .data          0x0080016a        0x4 c:/winavr-20081205/bin/../lib/gcc/avr/4.3.2/../../../../avr/lib/avr5\libc.a(random.o)
 .data          0x0080016e        0x0 c:/winavr-20081205/bin/../lib/gcc/avr/4.3.2/../../../../avr/lib/avr5\libc.a(isspace.o)
 .data          0x0080016e        0x0 c:/winavr-20081205/bin/../lib/gcc/avr/4.3.2/../../../../avr/lib/avr5\libc.a(strchr_P.o)
 .data          0x0080016e        0x0 c:/winavr-20081205/bin/../lib/gcc/avr/4.3.2/../../../../avr/lib/avr5\libc.a(fgetc.o)
 .data          0x0080016e        0x0 c:/winavr-20081205/bin/../lib/gcc/avr/4.3.2/../../../../avr/lib/avr5\libc.a(fputc.o)
 .data          0x0080016e        0x0 c:/winavr-20081205/bin/../lib/gcc/avr/4.3.2/../../../../avr/lib/avr5\libc.a(ungetc.o)
 .data          0x0080016e        0x0 c:/winavr-20081205/bin/../lib/gcc/avr/4.3.2/../../../../avr/lib/avr5\libc.a(ultoa_invert.o)
 .data          0x0080016e        0x0 c:/winavr-20081205/bin/../lib/gcc/avr/4.3.2/../../../../avr/lib/avr5\libc.a(sqrt.o)
 .data          0x0080016e        0x0 c:/winavr-20081205/bin/../lib/gcc/avr/4.3.2/../../../../avr/lib/avr5\libc.a(cty_isfalse.o)
 .data          0x0080016e        0x0 c:/winavr-20081205/bin/../lib/gcc/avr/4.3.2/../../../../avr/lib/avr5\libc.a(fp_mpack.o)
 .data          0x0080016e        0x0 c:/winavr-20081205/bin/../lib/gcc/avr/4.3.2/../../../../avr/lib/avr5\libc.a(fp_nan.o)
 .data          0x0080016e        0x0 c:/winavr-20081205/bin/../lib/gcc/avr/4.3.2/../../../../avr/lib/avr5\libc.a(fp_norm2.o)
 .data          0x0080016e        0x0 c:/winavr-20081205/bin/../lib/gcc/avr/4.3.2/../../../../avr/lib/avr5\libc.a(fp_split3.o)
 .data          0x0080016e        0x0 c:/winavr-20081205/bin/../lib/gcc/avr/4.3.2/avr5\libgcc.a(_mulsi3.o)
 *(.data*)
 *(.rodata)
 *(.rodata*)
 *(.gnu.linkonce.d*)
                0x0080016e                . = ALIGN (0x2)
                0x0080016e                _edata = .
                0x0080016e                PROVIDE (__data_end, .)

.bss            0x0080016e       0x46
                0x0080016e                PROVIDE (__bss_start, .)
 *(.bss)
 .bss           0x0080016e        0x0 c:/winavr-20081205/bin/../lib/gcc/avr/4.3.2/../../../../avr/lib/avr5/crtm32.o
 .bss           0x0080016e        0x0 main.o
 .bss           0x0080016e        0x0 simple_draw.o
 .bss           0x0080016e        0x2 animation.o
                0x0080016e                bla
 .bss           0x00800170        0x0 c:/winavr-20081205/bin/../lib/gcc/avr/4.3.2/../../../../avr/lib/avr5\libprintf_min.a(vfprintf_min.o)
 .bss           0x00800170        0x0 c:/winavr-20081205/bin/../lib/gcc/avr/4.3.2/../../../../avr/lib/avr5\libscanf_min.a(vfscanf_min.o)
 .bss           0x00800170        0x0 c:/winavr-20081205/bin/../lib/gcc/avr/4.3.2/avr5\libgcc.a(_divmodhi4.o)
 .bss           0x00800170        0x0 c:/winavr-20081205/bin/../lib/gcc/avr/4.3.2/avr5\libgcc.a(_divmodsi4.o)
 .bss           0x00800170        0x0 c:/winavr-20081205/bin/../lib/gcc/avr/4.3.2/avr5\libgcc.a(_prologue.o)
 .bss           0x00800170        0x0 c:/winavr-20081205/bin/../lib/gcc/avr/4.3.2/avr5\libgcc.a(_epilogue.o)
 .bss           0x00800170        0x0 c:/winavr-20081205/bin/../lib/gcc/avr/4.3.2/avr5\libgcc.a(_exit.o)
 .bss           0x00800170        0x0 c:/winavr-20081205/bin/../lib/gcc/avr/4.3.2/avr5\libgcc.a(_copy_data.o)
 .bss           0x00800170        0x0 c:/winavr-20081205/bin/../lib/gcc/avr/4.3.2/avr5\libgcc.a(_clear_bss.o)
 .bss           0x00800170        0x0 c:/winavr-20081205/bin/../lib/gcc/avr/4.3.2/avr5\libgcc.a(_addsub_sf.o)
 .bss           0x00800170        0x0 c:/winavr-20081205/bin/../lib/gcc/avr/4.3.2/avr5\libgcc.a(_div_sf.o)
 .bss           0x00800170        0x0 c:/winavr-20081205/bin/../lib/gcc/avr/4.3.2/avr5\libgcc.a(_lt_sf.o)
 .bss           0x00800170        0x0 c:/winavr-20081205/bin/../lib/gcc/avr/4.3.2/avr5\libgcc.a(_si_to_sf.o)
 .bss           0x00800170        0x0 c:/winavr-20081205/bin/../lib/gcc/avr/4.3.2/avr5\libgcc.a(_thenan_sf.o)
 .bss           0x00800170        0x0 c:/winavr-20081205/bin/../lib/gcc/avr/4.3.2/avr5\libgcc.a(_udivmodhi4.o)
 .bss           0x00800170        0x0 c:/winavr-20081205/bin/../lib/gcc/avr/4.3.2/avr5\libgcc.a(_udivmodsi4.o)
 .bss           0x00800170        0x0 c:/winavr-20081205/bin/../lib/gcc/avr/4.3.2/avr5\libgcc.a(_clzsi2.o)
 .bss           0x00800170        0x0 c:/winavr-20081205/bin/../lib/gcc/avr/4.3.2/avr5\libgcc.a(_pack_sf.o)
 .bss           0x00800170        0x0 c:/winavr-20081205/bin/../lib/gcc/avr/4.3.2/avr5\libgcc.a(_unpack_sf.o)
 .bss           0x00800170        0x0 c:/winavr-20081205/bin/../lib/gcc/avr/4.3.2/avr5\libgcc.a(_fpcmp_parts_sf.o)
 .bss           0x00800170        0x0 c:/winavr-20081205/bin/../lib/gcc/avr/4.3.2/avr5\libgcc.a(_clz.o)
 .bss           0x00800170        0x0 c:/winavr-20081205/bin/../lib/gcc/avr/4.3.2/../../../../avr/lib/avr5\libc.a(random.o)
 .bss           0x00800170        0x0 c:/winavr-20081205/bin/../lib/gcc/avr/4.3.2/../../../../avr/lib/avr5\libc.a(isspace.o)
 .bss           0x00800170        0x0 c:/winavr-20081205/bin/../lib/gcc/avr/4.3.2/../../../../avr/lib/avr5\libc.a(strchr_P.o)
 .bss           0x00800170        0x0 c:/winavr-20081205/bin/../lib/gcc/avr/4.3.2/../../../../avr/lib/avr5\libc.a(fgetc.o)
 .bss           0x00800170        0x0 c:/winavr-20081205/bin/../lib/gcc/avr/4.3.2/../../../../avr/lib/avr5\libc.a(fputc.o)
 .bss           0x00800170        0x0 c:/winavr-20081205/bin/../lib/gcc/avr/4.3.2/../../../../avr/lib/avr5\libc.a(ungetc.o)
 .bss           0x00800170        0x0 c:/winavr-20081205/bin/../lib/gcc/avr/4.3.2/../../../../avr/lib/avr5\libc.a(ultoa_invert.o)
 .bss           0x00800170        0x0 c:/winavr-20081205/bin/../lib/gcc/avr/4.3.2/../../../../avr/lib/avr5\libc.a(sqrt.o)
 .bss           0x00800170        0x0 c:/winavr-20081205/bin/../lib/gcc/avr/4.3.2/../../../../avr/lib/avr5\libc.a(cty_isfalse.o)
 .bss           0x00800170        0x0 c:/winavr-20081205/bin/../lib/gcc/avr/4.3.2/../../../../avr/lib/avr5\libc.a(fp_mpack.o)
 .bss           0x00800170        0x0 c:/winavr-20081205/bin/../lib/gcc/avr/4.3.2/../../../../avr/lib/avr5\libc.a(fp_nan.o)
 .bss           0x00800170        0x0 c:/winavr-20081205/bin/../lib/gcc/avr/4.3.2/../../../../avr/lib/avr5\libc.a(fp_norm2.o)
 .bss           0x00800170        0x0 c:/winavr-20081205/bin/../lib/gcc/avr/4.3.2/../../../../avr/lib/avr5\libc.a(fp_split3.o)
 .bss           0x00800170        0x0 c:/winavr-20081205/bin/../lib/gcc/avr/4.3.2/avr5\libgcc.a(_mulsi3.o)
 *(.bss*)
 *(COMMON)
 COMMON         0x00800170       0x44 main.o
                0x00800170                current_Yrow
                0x00800171                tmpcube
                0x0080018a                current_effect
                0x0080018b                _X_
                0x00800190                cube
                0x008001a9                _Y_
                0x008001ae                current_layer
                0x008001af                _Z_
                0x008001b4                PROVIDE (__bss_end, .)
                0x00002c34                __data_load_start = LOADADDR (.data)
                0x00002d42                __data_load_end = (__data_load_start + SIZEOF (.data))

.noinit         0x008001b4        0x0
                0x008001b4                PROVIDE (__noinit_start, .)
 *(.noinit*)
                0x008001b4                PROVIDE (__noinit_end, .)
                0x008001b4                _end = .
                0x008001b4                PROVIDE (__heap_start, .)

.eeprom         0x00810000        0x0
 *(.eeprom*)
                0x00810000                __eeprom_end = .

.fuse
 *(.fuse)
 *(.lfuse)
 *(.hfuse)
 *(.efuse)

.lock
 *(.lock*)

.signature
 *(.signature*)

.stab
 *(.stab)

.stabstr
 *(.stabstr)

.stab.excl
 *(.stab.excl)

.stab.exclstr
 *(.stab.exclstr)

.stab.index
 *(.stab.index)

.stab.indexstr
 *(.stab.indexstr)

.comment
 *(.comment)

.debug
 *(.debug)

.line
 *(.line)

.debug_srcinfo
 *(.debug_srcinfo)

.debug_sfnames
 *(.debug_sfnames)

.debug_aranges  0x00000000       0x60
 *(.debug_aranges)
 .debug_aranges
                0x00000000       0x20 main.o
 .debug_aranges
                0x00000020       0x20 simple_draw.o
 .debug_aranges
                0x00000040       0x20 animation.o

.debug_pubnames
                0x00000000      0x3da
 *(.debug_pubnames)
 .debug_pubnames
                0x00000000       0xd8 main.o
 .debug_pubnames
                0x000000d8      0x178 simple_draw.o
 .debug_pubnames
                0x00000250      0x18a animation.o

.debug_info     0x00000000     0x1951
 *(.debug_info)
 .debug_info    0x00000000      0x38a main.o
 .debug_info    0x0000038a      0xc3c simple_draw.o
 .debug_info    0x00000fc6      0x98b animation.o
 *(.gnu.linkonce.wi.*)

.debug_abbrev   0x00000000      0x55f
 *(.debug_abbrev)
 .debug_abbrev  0x00000000      0x185 main.o
 .debug_abbrev  0x00000185      0x230 simple_draw.o
 .debug_abbrev  0x000003b5      0x1aa animation.o

.debug_line     0x00000000      0xe2f
 *(.debug_line)
 .debug_line    0x00000000      0x349 main.o
 .debug_line    0x00000349      0x443 simple_draw.o
 .debug_line    0x0000078c      0x6a3 animation.o

.debug_frame    0x00000000      0x2d0
 *(.debug_frame)
 .debug_frame   0x00000000       0x80 main.o
 .debug_frame   0x00000080      0x150 simple_draw.o
 .debug_frame   0x000001d0      0x100 animation.o

.debug_str      0x00000000      0x336
 *(.debug_str)
 .debug_str     0x00000000      0x112 main.o
                                0x154 (size before relaxing)
 .debug_str     0x00000112      0x116 simple_draw.o
                                0x179 (size before relaxing)
 .debug_str     0x00000228      0x10e animation.o
                                0x1df (size before relaxing)

.debug_loc      0x00000000     0x1670
 *(.debug_loc)
 .debug_loc     0x00000000       0xad main.o
 .debug_loc     0x000000ad      0x9c8 simple_draw.o
 .debug_loc     0x00000a75      0xbfb animation.o

.debug_macinfo
 *(.debug_macinfo)
OUTPUT(main.elf elf32-avr)
LOAD linker stubs

.debug_ranges   0x00000000       0xa8
 .debug_ranges  0x00000000       0x30 simple_draw.o
 .debug_ranges  0x00000030       0x78 animation.o

Cross Reference Table

Symbol                                            File
_X_                                               animation.o
                                                  simple_draw.o
                                                  main.o
_Y_                                               animation.o
                                                  simple_draw.o
                                                  main.o
_Z_                                               animation.o
                                                  simple_draw.o
                                                  main.o
__addsf3                                          c:/winavr-20081205/bin/../lib/gcc/avr/4.3.2/avr5\libgcc.a(_addsub_sf.o)
                                                  animation.o
__bad_interrupt                                   c:/winavr-20081205/bin/../lib/gcc/avr/4.3.2/../../../../avr/lib/avr5/crtm32.o
__bss_end                                         c:/winavr-20081205/bin/../lib/gcc/avr/4.3.2/avr5\libgcc.a(_clear_bss.o)
__bss_start                                       c:/winavr-20081205/bin/../lib/gcc/avr/4.3.2/avr5\libgcc.a(_clear_bss.o)
__clz_tab                                         c:/winavr-20081205/bin/../lib/gcc/avr/4.3.2/avr5\libgcc.a(_clz.o)
                                                  c:/winavr-20081205/bin/../lib/gcc/avr/4.3.2/avr5\libgcc.a(_clzsi2.o)
__clzsi2                                          c:/winavr-20081205/bin/../lib/gcc/avr/4.3.2/avr5\libgcc.a(_clzsi2.o)
                                                  c:/winavr-20081205/bin/../lib/gcc/avr/4.3.2/avr5\libgcc.a(_si_to_sf.o)
__ctype_isfalse                                   c:/winavr-20081205/bin/../lib/gcc/avr/4.3.2/../../../../avr/lib/avr5\libc.a(cty_isfalse.o)
                                                  c:/winavr-20081205/bin/../lib/gcc/avr/4.3.2/../../../../avr/lib/avr5\libc.a(isspace.o)
__ctype_istrue                                    c:/winavr-20081205/bin/../lib/gcc/avr/4.3.2/../../../../avr/lib/avr5\libc.a(cty_isfalse.o)
__data_end                                        c:/winavr-20081205/bin/../lib/gcc/avr/4.3.2/avr5\libgcc.a(_copy_data.o)
__data_load_start                                 c:/winavr-20081205/bin/../lib/gcc/avr/4.3.2/avr5\libgcc.a(_copy_data.o)
__data_start                                      c:/winavr-20081205/bin/../lib/gcc/avr/4.3.2/avr5\libgcc.a(_copy_data.o)
__divmodhi4                                       c:/winavr-20081205/bin/../lib/gcc/avr/4.3.2/avr5\libgcc.a(_divmodhi4.o)
                                                  animation.o
__divmodsi4                                       c:/winavr-20081205/bin/../lib/gcc/avr/4.3.2/avr5\libgcc.a(_divmodsi4.o)
                                                  c:/winavr-20081205/bin/../lib/gcc/avr/4.3.2/../../../../avr/lib/avr5\libc.a(random.o)
                                                  animation.o
__divsf3                                          c:/winavr-20081205/bin/../lib/gcc/avr/4.3.2/avr5\libgcc.a(_div_sf.o)
                                                  animation.o
__do_clear_bss                                    c:/winavr-20081205/bin/../lib/gcc/avr/4.3.2/avr5\libgcc.a(_clear_bss.o)
                                                  c:/winavr-20081205/bin/../lib/gcc/avr/4.3.2/../../../../avr/lib/avr5\libc.a(ungetc.o)
                                                  c:/winavr-20081205/bin/../lib/gcc/avr/4.3.2/../../../../avr/lib/avr5\libc.a(fputc.o)
                                                  c:/winavr-20081205/bin/../lib/gcc/avr/4.3.2/../../../../avr/lib/avr5\libc.a(fgetc.o)
                                                  c:/winavr-20081205/bin/../lib/gcc/avr/4.3.2/../../../../avr/lib/avr5\libc.a(random.o)
                                                  c:/winavr-20081205/bin/../lib/gcc/avr/4.3.2/avr5\libgcc.a(_clz.o)
                                                  c:/winavr-20081205/bin/../lib/gcc/avr/4.3.2/avr5\libgcc.a(_fpcmp_parts_sf.o)
                                                  c:/winavr-20081205/bin/../lib/gcc/avr/4.3.2/avr5\libgcc.a(_unpack_sf.o)
                                                  c:/winavr-20081205/bin/../lib/gcc/avr/4.3.2/avr5\libgcc.a(_pack_sf.o)
                                                  c:/winavr-20081205/bin/../lib/gcc/avr/4.3.2/avr5\libgcc.a(_clzsi2.o)
                                                  c:/winavr-20081205/bin/../lib/gcc/avr/4.3.2/avr5\libgcc.a(_thenan_sf.o)
                                                  c:/winavr-20081205/bin/../lib/gcc/avr/4.3.2/avr5\libgcc.a(_si_to_sf.o)
                                                  c:/winavr-20081205/bin/../lib/gcc/avr/4.3.2/avr5\libgcc.a(_lt_sf.o)
                                                  c:/winavr-20081205/bin/../lib/gcc/avr/4.3.2/avr5\libgcc.a(_div_sf.o)
                                                  c:/winavr-20081205/bin/../lib/gcc/avr/4.3.2/avr5\libgcc.a(_addsub_sf.o)
                                                  c:/winavr-20081205/bin/../lib/gcc/avr/4.3.2/../../../../avr/lib/avr5\libscanf_min.a(vfscanf_min.o)
                                                  c:/winavr-20081205/bin/../lib/gcc/avr/4.3.2/../../../../avr/lib/avr5\libprintf_min.a(vfprintf_min.o)
                                                  animation.o
                                                  simple_draw.o
                                                  main.o
__do_copy_data                                    c:/winavr-20081205/bin/../lib/gcc/avr/4.3.2/avr5\libgcc.a(_copy_data.o)
                                                  c:/winavr-20081205/bin/../lib/gcc/avr/4.3.2/../../../../avr/lib/avr5\libc.a(ungetc.o)
                                                  c:/winavr-20081205/bin/../lib/gcc/avr/4.3.2/../../../../avr/lib/avr5\libc.a(fputc.o)
                                                  c:/winavr-20081205/bin/../lib/gcc/avr/4.3.2/../../../../avr/lib/avr5\libc.a(fgetc.o)
                                                  c:/winavr-20081205/bin/../lib/gcc/avr/4.3.2/../../../../avr/lib/avr5\libc.a(random.o)
                                                  c:/winavr-20081205/bin/../lib/gcc/avr/4.3.2/avr5\libgcc.a(_clz.o)
                                                  c:/winavr-20081205/bin/../lib/gcc/avr/4.3.2/avr5\libgcc.a(_fpcmp_parts_sf.o)
                                                  c:/winavr-20081205/bin/../lib/gcc/avr/4.3.2/avr5\libgcc.a(_unpack_sf.o)
                                                  c:/winavr-20081205/bin/../lib/gcc/avr/4.3.2/avr5\libgcc.a(_pack_sf.o)
                                                  c:/winavr-20081205/bin/../lib/gcc/avr/4.3.2/avr5\libgcc.a(_clzsi2.o)
                                                  c:/winavr-20081205/bin/../lib/gcc/avr/4.3.2/avr5\libgcc.a(_thenan_sf.o)
                                                  c:/winavr-20081205/bin/../lib/gcc/avr/4.3.2/avr5\libgcc.a(_si_to_sf.o)
                                                  c:/winavr-20081205/bin/../lib/gcc/avr/4.3.2/avr5\libgcc.a(_lt_sf.o)
                                                  c:/winavr-20081205/bin/../lib/gcc/avr/4.3.2/avr5\libgcc.a(_div_sf.o)
                                                  c:/winavr-20081205/bin/../lib/gcc/avr/4.3.2/avr5\libgcc.a(_addsub_sf.o)
                                                  c:/winavr-20081205/bin/../lib/gcc/avr/4.3.2/../../../../avr/lib/avr5\libscanf_min.a(vfscanf_min.o)
                                                  c:/winavr-20081205/bin/../lib/gcc/avr/4.3.2/../../../../avr/lib/avr5\libprintf_min.a(vfprintf_min.o)
                                                  animation.o
                                                  simple_draw.o
                                                  main.o
__epilogue_restores__                             c:/winavr-20081205/bin/../lib/gcc/avr/4.3.2/avr5\libgcc.a(_epilogue.o)
                                                  c:/winavr-20081205/bin/../lib/gcc/avr/4.3.2/../../../../avr/lib/avr5\libc.a(random.o)
                                                  c:/winavr-20081205/bin/../lib/gcc/avr/4.3.2/avr5\libgcc.a(_si_to_sf.o)
                                                  c:/winavr-20081205/bin/../lib/gcc/avr/4.3.2/avr5\libgcc.a(_lt_sf.o)
                                                  c:/winavr-20081205/bin/../lib/gcc/avr/4.3.2/avr5\libgcc.a(_div_sf.o)
                                                  c:/winavr-20081205/bin/../lib/gcc/avr/4.3.2/avr5\libgcc.a(_addsub_sf.o)
                                                  c:/winavr-20081205/bin/../lib/gcc/avr/4.3.2/../../../../avr/lib/avr5\libscanf_min.a(vfscanf_min.o)
                                                  c:/winavr-20081205/bin/../lib/gcc/avr/4.3.2/../../../../avr/lib/avr5\libprintf_min.a(vfprintf_min.o)
__floatsisf                                       c:/winavr-20081205/bin/../lib/gcc/avr/4.3.2/avr5\libgcc.a(_si_to_sf.o)
                                                  animation.o
__fp_mpack                                        c:/winavr-20081205/bin/../lib/gcc/avr/4.3.2/../../../../avr/lib/avr5\libc.a(fp_mpack.o)
                                                  c:/winavr-20081205/bin/../lib/gcc/avr/4.3.2/../../../../avr/lib/avr5\libc.a(sqrt.o)
__fp_nan                                          c:/winavr-20081205/bin/../lib/gcc/avr/4.3.2/../../../../avr/lib/avr5\libc.a(fp_nan.o)
                                                  c:/winavr-20081205/bin/../lib/gcc/avr/4.3.2/../../../../avr/lib/avr5\libc.a(sqrt.o)
__fp_norm2                                        c:/winavr-20081205/bin/../lib/gcc/avr/4.3.2/../../../../avr/lib/avr5\libc.a(fp_norm2.o)
                                                  c:/winavr-20081205/bin/../lib/gcc/avr/4.3.2/../../../../avr/lib/avr5\libc.a(sqrt.o)
__fp_split3                                       c:/winavr-20081205/bin/../lib/gcc/avr/4.3.2/../../../../avr/lib/avr5\libc.a(fp_split3.o)
__fp_splitA                                       c:/winavr-20081205/bin/../lib/gcc/avr/4.3.2/../../../../avr/lib/avr5\libc.a(fp_split3.o)
                                                  c:/winavr-20081205/bin/../lib/gcc/avr/4.3.2/../../../../avr/lib/avr5\libc.a(sqrt.o)
__fpcmp_parts_f                                   c:/winavr-20081205/bin/../lib/gcc/avr/4.3.2/avr5\libgcc.a(_fpcmp_parts_sf.o)
                                                  c:/winavr-20081205/bin/../lib/gcc/avr/4.3.2/avr5\libgcc.a(_lt_sf.o)
__heap_end                                        c:/winavr-20081205/bin/../lib/gcc/avr/4.3.2/../../../../avr/lib/avr5/crtm32.o
__init                                            c:/winavr-20081205/bin/../lib/gcc/avr/4.3.2/../../../../avr/lib/avr5/crtm32.o
__ltsf2                                           c:/winavr-20081205/bin/../lib/gcc/avr/4.3.2/avr5\libgcc.a(_lt_sf.o)
                                                  animation.o
__mulsi3                                          c:/winavr-20081205/bin/../lib/gcc/avr/4.3.2/avr5\libgcc.a(_mulsi3.o)
                                                  c:/winavr-20081205/bin/../lib/gcc/avr/4.3.2/../../../../avr/lib/avr5\libc.a(random.o)
__pack_f                                          c:/winavr-20081205/bin/../lib/gcc/avr/4.3.2/avr5\libgcc.a(_pack_sf.o)
                                                  c:/winavr-20081205/bin/../lib/gcc/avr/4.3.2/avr5\libgcc.a(_si_to_sf.o)
                                                  c:/winavr-20081205/bin/../lib/gcc/avr/4.3.2/avr5\libgcc.a(_div_sf.o)
                                                  c:/winavr-20081205/bin/../lib/gcc/avr/4.3.2/avr5\libgcc.a(_addsub_sf.o)
__prologue_saves__                                c:/winavr-20081205/bin/../lib/gcc/avr/4.3.2/avr5\libgcc.a(_prologue.o)
                                                  c:/winavr-20081205/bin/../lib/gcc/avr/4.3.2/../../../../avr/lib/avr5\libc.a(random.o)
                                                  c:/winavr-20081205/bin/../lib/gcc/avr/4.3.2/avr5\libgcc.a(_si_to_sf.o)
                                                  c:/winavr-20081205/bin/../lib/gcc/avr/4.3.2/avr5\libgcc.a(_lt_sf.o)
                                                  c:/winavr-20081205/bin/../lib/gcc/avr/4.3.2/avr5\libgcc.a(_div_sf.o)
                                                  c:/winavr-20081205/bin/../lib/gcc/avr/4.3.2/avr5\libgcc.a(_addsub_sf.o)
                                                  c:/winavr-20081205/bin/../lib/gcc/avr/4.3.2/../../../../avr/lib/avr5\libscanf_min.a(vfscanf_min.o)
                                                  c:/winavr-20081205/bin/../lib/gcc/avr/4.3.2/../../../../avr/lib/avr5\libprintf_min.a(vfprintf_min.o)
__stack                                           c:/winavr-20081205/bin/../lib/gcc/avr/4.3.2/../../../../avr/lib/avr5/crtm32.o
__subsf3                                          c:/winavr-20081205/bin/../lib/gcc/avr/4.3.2/avr5\libgcc.a(_addsub_sf.o)
                                                  animation.o
__thenan_sf                                       c:/winavr-20081205/bin/../lib/gcc/avr/4.3.2/avr5\libgcc.a(_thenan_sf.o)
                                                  c:/winavr-20081205/bin/../lib/gcc/avr/4.3.2/avr5\libgcc.a(_div_sf.o)
                                                  c:/winavr-20081205/bin/../lib/gcc/avr/4.3.2/avr5\libgcc.a(_addsub_sf.o)
__udivmodhi4                                      c:/winavr-20081205/bin/../lib/gcc/avr/4.3.2/avr5\libgcc.a(_udivmodhi4.o)
                                                  c:/winavr-20081205/bin/../lib/gcc/avr/4.3.2/avr5\libgcc.a(_divmodhi4.o)
__udivmodsi4                                      c:/winavr-20081205/bin/../lib/gcc/avr/4.3.2/avr5\libgcc.a(_udivmodsi4.o)
                                                  c:/winavr-20081205/bin/../lib/gcc/avr/4.3.2/avr5\libgcc.a(_divmodsi4.o)
__ultoa_invert                                    c:/winavr-20081205/bin/../lib/gcc/avr/4.3.2/../../../../avr/lib/avr5\libc.a(ultoa_invert.o)
                                                  c:/winavr-20081205/bin/../lib/gcc/avr/4.3.2/../../../../avr/lib/avr5\libprintf_min.a(vfprintf_min.o)
__unpack_f                                        c:/winavr-20081205/bin/../lib/gcc/avr/4.3.2/avr5\libgcc.a(_unpack_sf.o)
                                                  c:/winavr-20081205/bin/../lib/gcc/avr/4.3.2/avr5\libgcc.a(_lt_sf.o)
                                                  c:/winavr-20081205/bin/../lib/gcc/avr/4.3.2/avr5\libgcc.a(_div_sf.o)
                                                  c:/winavr-20081205/bin/../lib/gcc/avr/4.3.2/avr5\libgcc.a(_addsub_sf.o)
__vector_1                                        c:/winavr-20081205/bin/../lib/gcc/avr/4.3.2/../../../../avr/lib/avr5/crtm32.o
__vector_10                                       main.o
                                                  c:/winavr-20081205/bin/../lib/gcc/avr/4.3.2/../../../../avr/lib/avr5/crtm32.o
__vector_11                                       c:/winavr-20081205/bin/../lib/gcc/avr/4.3.2/../../../../avr/lib/avr5/crtm32.o
__vector_12                                       c:/winavr-20081205/bin/../lib/gcc/avr/4.3.2/../../../../avr/lib/avr5/crtm32.o
__vector_13                                       c:/winavr-20081205/bin/../lib/gcc/avr/4.3.2/../../../../avr/lib/avr5/crtm32.o
__vector_14                                       c:/winavr-20081205/bin/../lib/gcc/avr/4.3.2/../../../../avr/lib/avr5/crtm32.o
__vector_15                                       c:/winavr-20081205/bin/../lib/gcc/avr/4.3.2/../../../../avr/lib/avr5/crtm32.o
__vector_16                                       c:/winavr-20081205/bin/../lib/gcc/avr/4.3.2/../../../../avr/lib/avr5/crtm32.o
__vector_17                                       c:/winavr-20081205/bin/../lib/gcc/avr/4.3.2/../../../../avr/lib/avr5/crtm32.o
__vector_18                                       c:/winavr-20081205/bin/../lib/gcc/avr/4.3.2/../../../../avr/lib/avr5/crtm32.o
__vector_19                                       c:/winavr-20081205/bin/../lib/gcc/avr/4.3.2/../../../../avr/lib/avr5/crtm32.o
__vector_2                                        c:/winavr-20081205/bin/../lib/gcc/avr/4.3.2/../../../../avr/lib/avr5/crtm32.o
__vector_20                                       c:/winavr-20081205/bin/../lib/gcc/avr/4.3.2/../../../../avr/lib/avr5/crtm32.o
__vector_3                                        main.o
                                                  c:/winavr-20081205/bin/../lib/gcc/avr/4.3.2/../../../../avr/lib/avr5/crtm32.o
__vector_4                                        c:/winavr-20081205/bin/../lib/gcc/avr/4.3.2/../../../../avr/lib/avr5/crtm32.o
__vector_5                                        c:/winavr-20081205/bin/../lib/gcc/avr/4.3.2/../../../../avr/lib/avr5/crtm32.o
__vector_6                                        c:/winavr-20081205/bin/../lib/gcc/avr/4.3.2/../../../../avr/lib/avr5/crtm32.o
__vector_7                                        c:/winavr-20081205/bin/../lib/gcc/avr/4.3.2/../../../../avr/lib/avr5/crtm32.o
__vector_8                                        c:/winavr-20081205/bin/../lib/gcc/avr/4.3.2/../../../../avr/lib/avr5/crtm32.o
__vector_9                                        c:/winavr-20081205/bin/../lib/gcc/avr/4.3.2/../../../../avr/lib/avr5/crtm32.o
__vector_default                                  c:/winavr-20081205/bin/../lib/gcc/avr/4.3.2/../../../../avr/lib/avr5/crtm32.o
__vectors                                         c:/winavr-20081205/bin/../lib/gcc/avr/4.3.2/../../../../avr/lib/avr5/crtm32.o
_div                                              c:/winavr-20081205/bin/../lib/gcc/avr/4.3.2/avr5\libgcc.a(_divmodhi4.o)
_exit                                             c:/winavr-20081205/bin/../lib/gcc/avr/4.3.2/avr5\libgcc.a(_exit.o)
alterLED                                          simple_draw.o
bla                                               animation.o
boot_check                                        main.o
clrLED                                            simple_draw.o
                                                  animation.o
clrplane_x                                        simple_draw.o
clrplane_y                                        simple_draw.o
clrplane_z                                        simple_draw.o
cube                                              animation.o
                                                  simple_draw.o
                                                  main.o
cube2tmp                                          simple_draw.o
cube_ini                                          main.o
current_Yrow                                      animation.o
                                                  simple_draw.o
                                                  main.o
current_effect                                    animation.o
                                                  simple_draw.o
                                                  main.o
current_layer                                     animation.o
                                                  simple_draw.o
                                                  main.o
delay_ms                                          main.o
                                                  animation.o
dim                                               animation.o
drawline_plane                                    simple_draw.o
effect_blink                                      animation.o
                                                  main.o
effect_everything_bitches                         animation.o
                                                  main.o
effect_explosion                                  animation.o
                                                  main.o
effect_noise                                      animation.o
                                                  main.o
effect_rings                                      animation.o
                                                  main.o
effect_snow                                       animation.o
                                                  main.o
effect_spinning_plane                             animation.o
effect_spiral                                     animation.o
effect_wasdf2                                     animation.o
effect_wasdf3                                     animation.o
exit                                              c:/winavr-20081205/bin/../lib/gcc/avr/4.3.2/avr5\libgcc.a(_exit.o)
                                                  c:/winavr-20081205/bin/../lib/gcc/avr/4.3.2/../../../../avr/lib/avr5/crtm32.o
fgetc                                             c:/winavr-20081205/bin/../lib/gcc/avr/4.3.2/../../../../avr/lib/avr5\libc.a(fgetc.o)
                                                  c:/winavr-20081205/bin/../lib/gcc/avr/4.3.2/../../../../avr/lib/avr5\libscanf_min.a(vfscanf_min.o)
fill                                              simple_draw.o
                                                  animation.o
                                                  main.o
flpLED                                            simple_draw.o
foo                                               animation.o
fputc                                             c:/winavr-20081205/bin/../lib/gcc/avr/4.3.2/../../../../avr/lib/avr5\libc.a(fputc.o)
                                                  c:/winavr-20081205/bin/../lib/gcc/avr/4.3.2/../../../../avr/lib/avr5\libprintf_min.a(vfprintf_min.o)
getLED                                            simple_draw.o
                                                  animation.o
grow                                              animation.o
grow2                                             animation.o
inrange                                           simple_draw.o
isspace                                           c:/winavr-20081205/bin/../lib/gcc/avr/4.3.2/../../../../avr/lib/avr5\libc.a(isspace.o)
                                                  c:/winavr-20081205/bin/../lib/gcc/avr/4.3.2/../../../../avr/lib/avr5\libscanf_min.a(vfscanf_min.o)
launch_effect                                     main.o
line_x                                            simple_draw.o
line_y                                            simple_draw.o
line_z                                            simple_draw.o
main                                              main.o
                                                  c:/winavr-20081205/bin/../lib/gcc/avr/4.3.2/../../../../avr/lib/avr5/crtm32.o
random                                            c:/winavr-20081205/bin/../lib/gcc/avr/4.3.2/../../../../avr/lib/avr5\libc.a(random.o)
                                                  animation.o
random_r                                          c:/winavr-20081205/bin/../lib/gcc/avr/4.3.2/../../../../avr/lib/avr5\libc.a(random.o)
setLED                                            simple_draw.o
                                                  animation.o
setplane                                          simple_draw.o
setplane_x                                        simple_draw.o
setplane_y                                        simple_draw.o
setplane_z                                        simple_draw.o
shrink                                            animation.o
spinning_line                                     animation.o
sqrt                                              c:/winavr-20081205/bin/../lib/gcc/avr/4.3.2/../../../../avr/lib/avr5\libc.a(sqrt.o)
                                                  animation.o
srandom                                           c:/winavr-20081205/bin/../lib/gcc/avr/4.3.2/../../../../avr/lib/avr5\libc.a(random.o)
strchr_P                                          c:/winavr-20081205/bin/../lib/gcc/avr/4.3.2/../../../../avr/lib/avr5\libc.a(strchr_P.o)
                                                  c:/winavr-20081205/bin/../lib/gcc/avr/4.3.2/../../../../avr/lib/avr5\libscanf_min.a(vfscanf_min.o)
                                                  c:/winavr-20081205/bin/../lib/gcc/avr/4.3.2/../../../../avr/lib/avr5\libprintf_min.a(vfprintf_min.o)
tmp2cube                                          simple_draw.o
tmpcube                                           animation.o
                                                  simple_draw.o
                                                  main.o
ungetc                                            c:/winavr-20081205/bin/../lib/gcc/avr/4.3.2/../../../../avr/lib/avr5\libc.a(ungetc.o)
                                                  c:/winavr-20081205/bin/../lib/gcc/avr/4.3.2/../../../../avr/lib/avr5\libscanf_min.a(vfscanf_min.o)
up                                                animation.o
vfprintf                                          c:/winavr-20081205/bin/../lib/gcc/avr/4.3.2/../../../../avr/lib/avr5\libprintf_min.a(vfprintf_min.o)
vfscanf                                           c:/winavr-20081205/bin/../lib/gcc/avr/4.3.2/../../../../avr/lib/avr5\libscanf_min.a(vfscanf_min.o)
